This is pdfTeX, Version 3.141592653-2.6-1.40.29 (TeX Live 2026/Debian) (preloaded format=pdflatex 2026.8.17)  21 SEP 2026 10:56
entering extended mode
 restricted \write18 enabled.
 %&-line parsing enabled.
**research_paper.tex
(./research_paper.tex
LaTeX2e <2026-06-01>
L3 programming layer <2026-06-18>
(./IEEEtran.cls
Document Class: IEEEtran 2015/08/26 V1.8b by Michael Shell
-- See the "IEEEtran_HOWTO" manual for usage information.
-- http://www.michaelshell.org/tex/ieeetran/
\@IEEEtrantmpdimenA=\dimen150
\@IEEEtrantmpdimenB=\dimen151
\@IEEEtrantmpdimenC=\dimen152
\@IEEEtrantmpcountA=\count276
\@IEEEtrantmpcountB=\count277
\@IEEEtrantmpcountC=\count278
\@IEEEtrantmptoksA=\toks17
LaTeX Font Info:    Trying to load font information for OT1+ptm on input line 5
03.
(/usr/share/texlive/texmf-dist/tex/latex/psnfss/ot1ptm.fd
File: ot1ptm.fd 2001/06/04 font definitions for OT1/ptm.
)
-- Using 8.5in x 11in (letter) paper.
-- Using PDF output.
\@IEEEnormalsizeunitybaselineskip=\dimen153
-- This is a 10 point document.
LaTeX Encoding Info:    Redeclaring text command \textunderscore (encoding ?) o
n input line 937.
\CLASSINFOnormalsizebaselineskip=\dimen154
\CLASSINFOnormalsizeunitybaselineskip=\dimen155
\IEEEnormaljot=\dimen156
LaTeX Font Info:    Font shape `OT1/ptm/bx/n' in size <5> not available
(Font)              Font shape `OT1/ptm/b/n' tried instead on input line 1090.
LaTeX Font Info:    Font shape `OT1/ptm/bx/it' in size <5> not available
(Font)              Font shape `OT1/ptm/b/it' tried instead on input line 1090.

LaTeX Font Info:    Font shape `OT1/ptm/bx/n' in size <7> not available
(Font)              Font shape `OT1/ptm/b/n' tried instead on input line 1090.
LaTeX Font Info:    Font shape `OT1/ptm/bx/it' in size <7> not available
(Font)              Font shape `OT1/ptm/b/it' tried instead on input line 1090.

LaTeX Font Info:    Font shape `OT1/ptm/bx/n' in size <8> not available
(Font)              Font shape `OT1/ptm/b/n' tried instead on input line 1090.
LaTeX Font Info:    Font shape `OT1/ptm/bx/it' in size <8> not available
(Font)              Font shape `OT1/ptm/b/it' tried instead on input line 1090.

LaTeX Font Info:    Font shape `OT1/ptm/bx/n' in size <9> not available
(Font)              Font shape `OT1/ptm/b/n' tried instead on input line 1090.
LaTeX Font Info:    Font shape `OT1/ptm/bx/it' in size <9> not available
(Font)              Font shape `OT1/ptm/b/it' tried instead on input line 1090.

LaTeX Font Info:    Font shape `OT1/ptm/bx/n' in size <10> not available
(Font)              Font shape `OT1/ptm/b/n' tried instead on input line 1090.
LaTeX Font Info:    Font shape `OT1/ptm/bx/it' in size <10> not available
(Font)              Font shape `OT1/ptm/b/it' tried instead on input line 1090.

LaTeX Font Info:    Font shape `OT1/ptm/bx/n' in size <11> not available
(Font)              Font shape `OT1/ptm/b/n' tried instead on input line 1090.
LaTeX Font Info:    Font shape `OT1/ptm/bx/it' in size <11> not available
(Font)              Font shape `OT1/ptm/b/it' tried instead on input line 1090.

LaTeX Font Info:    Font shape `OT1/ptm/bx/n' in size <12> not available
(Font)              Font shape `OT1/ptm/b/n' tried instead on input line 1090.
LaTeX Font Info:    Font shape `OT1/ptm/bx/it' in size <12> not available
(Font)              Font shape `OT1/ptm/b/it' tried instead on input line 1090.

LaTeX Font Info:    Font shape `OT1/ptm/bx/n' in size <17> not available
(Font)              Font shape `OT1/ptm/b/n' tried instead on input line 1090.
LaTeX Font Info:    Font shape `OT1/ptm/bx/it' in size <17> not available
(Font)              Font shape `OT1/ptm/b/it' tried instead on input line 1090.

LaTeX Font Info:    Font shape `OT1/ptm/bx/n' in size <20> not available
(Font)              Font shape `OT1/ptm/b/n' tried instead on input line 1090.
LaTeX Font Info:    Font shape `OT1/ptm/bx/it' in size <20> not available
(Font)              Font shape `OT1/ptm/b/it' tried instead on input line 1090.

LaTeX Font Info:    Font shape `OT1/ptm/bx/n' in size <24> not available
(Font)              Font shape `OT1/ptm/b/n' tried instead on input line 1090.
LaTeX Font Info:    Font shape `OT1/ptm/bx/it' in size <24> not available
(Font)              Font shape `OT1/ptm/b/it' tried instead on input line 1090.

\IEEEquantizedlength=\dimen157
\IEEEquantizedlengthdiff=\dimen158
\IEEEquantizedtextheightdiff=\dimen159
\IEEEilabelindentA=\dimen160
\IEEEilabelindentB=\dimen161
\IEEEilabelindent=\dimen162
\IEEEelabelindent=\dimen163
\IEEEdlabelindent=\dimen164
\IEEElabelindent=\dimen165
\IEEEiednormlabelsep=\dimen166
\IEEEiedmathlabelsep=\dimen167
\IEEEiedtopsep=\skip49
\c@section=\count279
\c@subsection=\count280
\c@subsubsection=\count281
\c@paragraph=\count282
\c@IEEEsubequation=\count283
\abovecaptionskip=\skip50
\belowcaptionskip=\skip51
\c@figure=\count284
\c@table=\count285
\@IEEEeqnnumcols=\count286
\@IEEEeqncolcnt=\count287
\@IEEEsubeqnnumrollback=\count288
\@IEEEquantizeheightA=\dimen168
\@IEEEquantizeheightB=\dimen169
\@IEEEquantizeheightC=\dimen170
\@IEEEquantizeprevdepth=\dimen171
\@IEEEquantizemultiple=\count289
\@IEEEquantizeboxA=\box53
\@IEEEtmpitemindent=\dimen172
\IEEEPARstartletwidth=\dimen173
\c@IEEEbiography=\count290
\@IEEEtranrubishbin=\box54
) (/usr/share/texlive/texmf-dist/tex/latex/cite/cite.sty
LaTeX Info: Redefining \cite on input line 302.
LaTeX Info: Redefining \nocite on input line 332.
Package: cite 2015/02/27  v 5.5
)
(/usr/share/texlive/texmf-dist/tex/latex/amsmath/amsmath.sty
Package: amsmath 2026/05/19 v2.18d AMS math features
\@mathmargin=\skip52

For additional information on amsmath, use the `?' option.
(/usr/share/texlive/texmf-dist/tex/latex/amsmath/amstext.sty
Package: amstext 2024/11/17 v2.01 AMS text

(/usr/share/texlive/texmf-dist/tex/latex/amsmath/amsgen.sty
File: amsgen.sty 1999/11/30 v2.0 generic functions
\@emptytoks=\toks18
\ex@=\dimen174
))
(/usr/share/texlive/texmf-dist/tex/latex/amsmath/amsbsy.sty
Package: amsbsy 1999/11/29 v1.2d Bold Symbols
\pmbraise@=\dimen175
)
(/usr/share/texlive/texmf-dist/tex/latex/amsmath/amsopn.sty
Package: amsopn 2022/04/08 v2.04 operator names
)
\inf@bad=\count291
LaTeX Info: Redefining \frac on input line 233.
\uproot@=\count292
\leftroot@=\count293
LaTeX Info: Redefining \overline on input line 398.
LaTeX Info: Redefining \colon on input line 409.
\classnum@=\count294
\DOTSCASE@=\count295
LaTeX Info: Redefining \ldots on input line 495.
LaTeX Info: Redefining \dots on input line 498.
LaTeX Info: Redefining \cdots on input line 619.
\Mathstrutbox@=\box55
\strutbox@=\box56
LaTeX Info: Redefining \big on input line 721.
LaTeX Info: Redefining \Big on input line 722.
LaTeX Info: Redefining \bigg on input line 723.
LaTeX Info: Redefining \Bigg on input line 724.
\big@size=\dimen176
LaTeX Font Info:    Redeclaring font encoding OML on input line 742.
LaTeX Font Info:    Redeclaring font encoding OMS on input line 743.
\macc@depth=\count296
LaTeX Info: Redefining \bmod on input line 904.
LaTeX Info: Redefining \pmod on input line 909.
LaTeX Info: Redefining \smash on input line 939.
LaTeX Info: Redefining \relbar on input line 969.
LaTeX Info: Redefining \Relbar on input line 970.
\c@MaxMatrixCols=\count297
\dotsspace@=\muskip17
\c@parentequation=\count298
\dspbrk@lvl=\count299
\tag@help=\toks19
\row@=\count300
\column@=\count301
\maxfields@=\count302
\andhelp@=\toks20
\eqnshift@=\dimen177
\alignsep@=\dimen178
\tagshift@=\dimen179
\tagwidth@=\dimen180
\totwidth@=\dimen181
\lineht@=\dimen182
\@envbody=\toks21
\multlinegap=\skip53
\multlinetaggap=\skip54
\mathdisplay@stack=\toks22
LaTeX Info: Redefining \[ on input line 2965.
LaTeX Info: Redefining \] on input line 2966.
)
(/usr/share/texlive/texmf-dist/tex/latex/amsfonts/amssymb.sty
Package: amssymb 2013/01/14 v3.01 AMS font symbols

(/usr/share/texlive/texmf-dist/tex/latex/amsfonts/amsfonts.sty
Package: amsfonts 2013/01/14 v3.01 Basic AMSFonts support
\symAMSa=\mathgroup4
\symAMSb=\mathgroup5
LaTeX Font Info:    Redeclaring math symbol \hbar on input line 98.
LaTeX Font Info:    Overwriting math alphabet `\mathfrak' in version `bold'
(Font)                  U/euf/m/n --> U/euf/b/n on input line 106.
))
(/usr/share/texlive/texmf-dist/tex/latex/algorithms/algorithmic.sty
Package: algorithmic 2009/08/24 v0.1 Document Style `algorithmic'

(/usr/share/texlive/texmf-dist/tex/latex/base/ifthen.sty
Package: ifthen 2024/03/16 v1.1e Standard LaTeX ifthen package (DPC)
)
(/usr/share/texlive/texmf-dist/tex/latex/graphics/keyval.sty
Package: keyval 2026-05-17 v1.15 key=value parser (DPC)
\KV@toks@=\toks23
)
\c@ALC@unique=\count303
\c@ALC@line=\count304
\c@ALC@rem=\count305
\c@ALC@depth=\count306
\ALC@tlm=\skip55
\algorithmicindent=\skip56
)
(/usr/share/texlive/texmf-dist/tex/latex/algorithms/algorithm.sty
Package: algorithm 2009/08/24 v0.1 Document Style `algorithm' - floating enviro
nment

(/usr/share/texlive/texmf-dist/tex/latex/float/float.sty
Package: float 2001/11/08 v1.3d Float enhancements (AL)
\c@float@type=\count307
\float@exts=\toks24
\float@box=\box57
\@float@everytoks=\toks25
\@floatcapt=\box58
)
\@float@every@algorithm=\toks26
\c@algorithm=\count308
)
(/usr/share/texlive/texmf-dist/tex/latex/graphics/graphicx.sty
Package: graphicx 2026-05-17 v1.2e Enhanced LaTeX Graphics (DPC,SPQR)

(/usr/share/texlive/texmf-dist/tex/latex/graphics/graphics.sty
Package: graphics 2026-05-17 v1.4h Standard LaTeX Graphics (DPC,SPQR)

(/usr/share/texlive/texmf-dist/tex/latex/graphics/trig.sty
Package: trig 2023/12/02 v1.11 sin cos tan (DPC)
)
(/usr/share/texlive/texmf-dist/tex/latex/graphics-cfg/graphics.cfg
File: graphics.cfg 2016/06/04 v1.11 sample graphics configuration
)
Package graphics Info: Driver file: pdftex.def on input line 106.

(/usr/share/texlive/texmf-dist/tex/latex/graphics-def/pdftex.def
File: pdftex.def 2025/09/29 v1.2d Graphics/color driver for pdftex
))
\Gin@req@height=\dimen183
\Gin@req@width=\dimen184
)
(/usr/share/texlive/texmf-dist/tex/latex/base/textcomp.sty
Package: textcomp 2024/04/24 v2.1b Standard LaTeX package
)
(/usr/share/texlive/texmf-dist/tex/latex/xcolor/xcolor.sty
Package: xcolor 2024/09/29 v3.02 LaTeX color extensions (UK)

(/usr/share/texlive/texmf-dist/tex/latex/graphics-cfg/color.cfg
File: color.cfg 2016/01/02 v1.6 sample color configuration
)
Package xcolor Info: Driver file: pdftex.def on input line 274.

(/usr/share/texlive/texmf-dist/tex/latex/graphics/mathcolor.ltx)
Package xcolor Info: Model `cmy' substituted by `cmy0' on input line 1349.
Package xcolor Info: Model `hsb' substituted by `rgb' on input line 1353.
Package xcolor Info: Model `RGB' extended on input line 1365.
Package xcolor Info: Model `HTML' substituted by `rgb' on input line 1367.
Package xcolor Info: Model `Hsb' substituted by `hsb' on input line 1368.
Package xcolor Info: Model `tHsb' substituted by `hsb' on input line 1369.
Package xcolor Info: Model `HSB' substituted by `hsb' on input line 1370.
Package xcolor Info: Model `Gray' substituted by `gray' on input line 1371.
Package xcolor Info: Model `wave' substituted by `hsb' on input line 1372.
)
(/usr/share/texlive/texmf-dist/tex/latex/booktabs/booktabs.sty
Package: booktabs 2020/01/12 v1.61803398 Publication quality tables
\heavyrulewidth=\dimen185
\lightrulewidth=\dimen186
\cmidrulewidth=\dimen187
\belowrulesep=\dimen188
\belowbottomsep=\dimen189
\aboverulesep=\dimen190
\abovetopsep=\dimen191
\cmidrulesep=\dimen192
\cmidrulekern=\dimen193
\defaultaddspace=\dimen194
\@cmidla=\count309
\@cmidlb=\count310
\@aboverulesep=\dimen195
\@belowrulesep=\dimen196
\@thisruleclass=\count311
\@lastruleclass=\count312
\@thisrulewidth=\dimen197
)
(/usr/share/texlive/texmf-dist/tex/latex/multirow/multirow.sty
Package: multirow 2024/11/12 v2.9 Span multiple rows of a table
\multirow@colwidth=\skip57
\multirow@cntb=\count313
\multirow@dima=\skip58
\bigstrutjot=\dimen198
)
(/usr/share/texlive/texmf-dist/tex/latex/url/url.sty
\Urlmuskip=\muskip18
Package: url 2013/09/16  ver 3.4  Verb mode for urls, etc.
)
(/usr/share/texlive/texmf-dist/tex/latex/placeins/placeins.sty
Package: placeins 2005/04/18  v 2.2
)
(/usr/share/texlive/texmf-dist/tex/latex/l3backend/l3backend-pdftex.def
File: l3backend-pdftex.def 2026-02-18 L3 backend support: PDF output (pdfTeX)
\l__color_backend_stack_int=\count314
)
(./research_paper.aux)
\openout1 = `research_paper.aux'.

LaTeX Font Info:    Checking defaults for OML/cmm/m/it on input line 22.
LaTeX Font Info:    ... okay on input line 22.
LaTeX Font Info:    Checking defaults for OMS/cmsy/m/n on input line 22.
LaTeX Font Info:    ... okay on input line 22.
LaTeX Font Info:    Checking defaults for OT1/cmr/m/n on input line 22.
LaTeX Font Info:    ... okay on input line 22.
LaTeX Font Info:    Checking defaults for T1/cmr/m/n on input line 22.
LaTeX Font Info:    ... okay on input line 22.
LaTeX Font Info:    Checking defaults for TS1/cmr/m/n on input line 22.
LaTeX Font Info:    ... okay on input line 22.
LaTeX Font Info:    Checking defaults for OMX/cmex/m/n on input line 22.
LaTeX Font Info:    ... okay on input line 22.
LaTeX Font Info:    Checking defaults for U/cmr/m/n on input line 22.
LaTeX Font Info:    ... okay on input line 22.

-- Lines per column: 58 (exact).
(/usr/share/texlive/texmf-dist/tex/context/base/mkii/supp-pdf.mkii
[Loading MPS to PDF converter (version 2006.09.02).]
\scratchcounter=\count315
\scratchdimen=\dimen199
\scratchbox=\box59
\nofMPsegments=\count316
\nofMParguments=\count317
\everyMPshowfont=\toks27
\MPscratchCnt=\count318
\MPscratchDim=\dimen256
\MPnumerator=\count319
\makeMPintoPDFobject=\count320
\everyMPtoPDFconversion=\toks28
) (/usr/share/texlive/texmf-dist/tex/latex/epstopdf-pkg/epstopdf-base.sty
Package: epstopdf-base 2020-01-24 v2.11 Base part for package epstopdf
Package epstopdf-base Info: Redefining graphics rule for `.eps' on input line 4
85.

(/usr/share/texlive/texmf-dist/tex/latex/latexconfig/epstopdf-sys.cfg
File: epstopdf-sys.cfg 2010/07/13 v1.3 Configuration of (r)epstopdf for TeX Liv
e
))
LaTeX Font Info:    Trying to load font information for U+msa on input line 37.


(/usr/share/texlive/texmf-dist/tex/latex/amsfonts/umsa.fd
File: umsa.fd 2013/01/14 v3.01 AMS symbols A
)
LaTeX Font Info:    Trying to load font information for U+msb on input line 37.


(/usr/share/texlive/texmf-dist/tex/latex/amsfonts/umsb.fd
File: umsb.fd 2013/01/14 v3.01 AMS symbols B
)
Underfull \hbox (badness 5203) in paragraph at lines 40--42
[]\OT1/ptm/b/it/9 Index Terms\OT1/ptm/b/n/9 ---Post-Quantum Cryp-tog-ra-phy, In
-ter-net of
 []

LaTeX Font Info:    Trying to load font information for TS1+ptm on input line 4
7.
(/usr/share/texlive/texmf-dist/tex/latex/psnfss/ts1ptm.fd
File: ts1ptm.fd 2001/06/04 font definitions for TS1/ptm.
)
Underfull \hbox (badness 10000) in paragraph at lines 49--50
[]\OT1/ptm/m/n/10 NIST fi-nal-ized the an-swer in Au-gust 2024 with
 []


Underfull \hbox (badness 1371) in paragraph at lines 49--50
\OT1/ptm/m/n/10 the clas-si-cal X25519 com-po-nent pre-serves se-cu-rity. The
 []

[1{/var/lib/texmf/fonts/map/pdftex/updmap/pdftex.map}{/usr/share/texlive/texmf-
dist/fonts/enc/dvips/base/8r.enc}


]
LaTeX Font Info:    Trying to load font information for OT1+pcr on input line 7
0.

(/usr/share/texlive/texmf-dist/tex/latex/psnfss/ot1pcr.fd
File: ot1pcr.fd 2001/06/04 font definitions for OT1/pcr.
)
Underfull \hbox (badness 3735) in paragraph at lines 70--71
\OT1/ptm/m/n/10 ware is also clear: phys-i-cal TLS 1.3 hand-shakes on
 []

[2]
Underfull \hbox (badness 6842) in paragraph at lines 122--123
[]\OT1/ptm/b/n/10 Decapsulate: \OT1/ptm/m/n/10 The holder of se-cret key $\OML/
cmm/m/it/10 sk \OT1/cmr/m/n/10 =
 []


Overfull \hbox (8.03923pt too wide) detected at line 131
[][] \OT1/cmr/m/n/10 = []([]\OML/cmm/m/it/10 ; [] \OMS/cmsy/m/n/10 k []\OT1/cmr
/m/n/10 )
 []


Overfull \hbox (41.89995pt too wide) detected at line 135
[][] \OT1/cmr/m/n/10 = []([]\OML/cmm/m/it/10 ; [] \OMS/cmsy/m/n/10 k []\OT1/cmr
/m/n/10 )
 []


Overfull \hbox (41.35023pt too wide) detected at line 159
[][][]
 []


Underfull \hbox (badness 10000) in paragraph at lines 163--164
[]\OT1/ptm/m/n/10 Unlike TLS 1.3, which man-dates a sub-se-quent
 []

[3]
<../figures/architecture_diagram.png, id=26, 1369.115pt x 124.465pt>
File: ../figures/architecture_diagram.png Graphic file (type png)
<use ../figures/architecture_diagram.png>
Package pdftex.def Info: ../figures/architecture_diagram.png  used on input lin
e 175.
(pdftex.def)             Requested size: 258.0pt x 23.45297pt.
<../figures/handshake_sequence.png, id=27, 657.45625pt x 633.36626pt>
File: ../figures/handshake_sequence.png Graphic file (type png)
<use ../figures/handshake_sequence.png>
Package pdftex.def Info: ../figures/handshake_sequence.png  used on input line 
181.
(pdftex.def)             Requested size: 163.79846pt x 157.7903pt.

Underfull \hbox (badness 10000) in paragraph at lines 212--213
[] []\OT1/ptm/m/n/10 Generate ran-dom 32-byte pri-vate key
 []


Underfull \hbox (badness 10000) in paragraph at lines 214--215
[] []\OT1/pcr/m/n/10 ctx.x25519_privkey[0] $\OMS/cmsy/m/n/10  $
 []


Underfull \hbox (badness 10000) in paragraph at lines 215--216
[] []\OT1/pcr/m/n/10 ctx.x25519_privkey[31] $\OMS/cmsy/m/n/10  $
 []


Underfull \hbox (badness 5726) in paragraph at lines 216--217
[] []\OT1/ptm/m/n/10 Compute pub-lic key \OT1/pcr/m/n/10 ctx.x25519_pubkey $\OM
S/cmsy/m/n/10  $
 []


Underfull \hbox (badness 1874) in paragraph at lines 219--220
[] []\OT1/ptm/m/n/10 Generate ML-KEM-768 key-pair (\OT1/pcr/m/n/10 ctx.mlkem_pk
\OT1/ptm/m/n/10 ,
 []


Underfull \hbox (badness 1577) in paragraph at lines 228--229
[] []\OT1/ptm/m/n/10 Context \OT1/pcr/m/n/10 ctx\OT1/ptm/m/n/10 ; \OT1/pcr/m/n/
10 ClientHello\OT1/ptm/m/n/10 ; server re-sponse
 []


Underfull \hbox (badness 10000) in paragraph at lines 242--243
[] []\OT1/ptm/m/n/10 Compute clas-si-cal se-cret: $[] \OMS/cmsy/m/n/10  
 []


Underfull \hbox (badness 10000) in paragraph at lines 246--247
[] []\OT1/ptm/m/n/10 Extract ML-KEM ci-pher-text $\OML/cmm/m/it/10 c[] \OMS/cms
y/m/n/10  
 []


Underfull \hbox (badness 10000) in paragraph at lines 248--249
[] []\OT1/ptm/m/n/10 Decapsulate: $[] \OMS/cmsy/m/n/10  
 []

LaTeX Font Info:    Trying to load font information for OMS+ptm on input line 2
52.
(/usr/share/texlive/texmf-dist/tex/latex/psnfss/omsptm.fd
File: omsptm.fd 
)
LaTeX Font Info:    Font shape `OMS/ptm/m/n' in size <10> not available
(Font)              Font shape `OMS/cmsy/m/n' tried instead on input line 252.

Underfull \hbox (badness 5741) in paragraph at lines 255--256
[] []$[] \OMS/cmsy/m/n/10   []\OT1/cmr/m/n/10 (\OML/cmm/m/it/10 PSK; [] \OMS/cm
sy/m/n/10 k
 []


Underfull \hbox (badness 10000) in paragraph at lines 259--260
[] []\OT1/ptm/m/n/10 Securely ze-roize $[]$, $[]$,
 []


Underfull \hbox (badness 5847) in paragraph at lines 270--271
[] []\OT1/ptm/m/n/10 Initialize cryp-to-graphic con-text \OT1/pcr/m/n/10 ctx \O
T1/ptm/m/n/10 with mode
 []


Underfull \hbox (badness 10000) in paragraph at lines 275--276
[] []$\OML/cmm/m/it/10 ^^\[] \OMS/cmsy/m/n/10   []\OT1/cmr/m/n/10 (\OML/cmm/m/i
t/10 PSK; [] \OMS/cmsy/m/n/10 k
 []


Overfull \hbox (32.92311pt too wide) in paragraph at lines 281--282
[] []$[] \OMS/cmsy/m/n/10   []\OT1/cmr/m/n/10 ([]\OML/cmm/m/it/10 ; []; []\OT1/
cmr/m/n/10 )$ 
 []

[4 <../figures/architecture_diagram.png (PNG copy)> <../figures/handshake_seque
nce.png (PNG copy)>]
Underfull \vbox (badness 10000) has occurred while \output is active []

 [5]
Underfull \hbox (badness 5302) in paragraph at lines 442--443
\OT1/ptm/m/n/10 Ta-ble V[] sum-ma-rizes the mea-sured wall-clock per-for-
 []

[6]

LaTeX Font Warning: Font shape `OT1/ptm/m/scit' undefined
(Font)              using `OT1/ptm/m/it' instead on input line 477.

<../figures/power_lifecycle.png, id=42, 752.8125pt x 681.54625pt>
File: ../figures/power_lifecycle.png Graphic file (type png)
<use ../figures/power_lifecycle.png>
Package pdftex.def Info: ../figures/power_lifecycle.png  used on input line 502
.
(pdftex.def)             Requested size: 163.79846pt x 148.28711pt.
[7 <../figures/power_lifecycle.png (PNG copy)>]
<../figures/endurance_test.png, id=47, 542.025pt x 317.988pt>
File: ../figures/endurance_test.png Graphic file (type png)
<use ../figures/endurance_test.png>
Package pdftex.def Info: ../figures/endurance_test.png  used on input line 539.

(pdftex.def)             Requested size: 247.6778pt x 145.30583pt.


LaTeX Warning: `h' float specifier changed to `ht'.

<../figures/energy_bounds.png, id=49, 578.16pt x 361.35pt>
File: ../figures/energy_bounds.png Graphic file (type png)
<use ../figures/energy_bounds.png>
Package pdftex.def Info: ../figures/energy_bounds.png  used on input line 551.
(pdftex.def)             Requested size: 247.6778pt x 154.79852pt.

LaTeX Warning: `h' float specifier changed to `ht'.

[8 <../figures/endurance_test.png>]
Underfull \hbox (badness 1721) in paragraph at lines 569--571
\OT1/ptm/m/n/10 the mod-eled se-cu-rity prop-er-ties un-der ac-tive Dolev-Yao
 []


Underfull \hbox (badness 4832) in paragraph at lines 569--571
\OT1/ptm/m/n/10 ad-ver-saries. The ver-i-fi-ca-tion en-gine proved both \OT1/pc
r/m/n/10 not
 []


Underfull \hbox (badness 10000) in paragraph at lines 569--571
\OT1/pcr/m/n/10 attacker(secret_client_data[]) is true
 []


Underfull \hbox (badness 10000) in paragraph at lines 569--571
\OT1/ptm/m/n/10 and \OT1/pcr/m/n/10 not attacker(secret_server_data[]) is
 []


Underfull \hbox (badness 10000) in paragraph at lines 569--571
\OT1/pcr/m/n/10 ==> inj-event(server_key_derived(k)) is
 []


Underfull \hbox (badness 1430) in paragraph at lines 569--571
\OT1/pcr/m/n/10 true\OT1/ptm/m/n/10 , for-mally con-firm-ing in-jec-tive key ag
ree-ment and
 []


Underfull \hbox (badness 1472) in paragraph at lines 575--576
\OT1/ptm/m/n/10 (QROM). The con-struc-tion achieves IND-CCA2 se-cu-rity
 []


Underfull \hbox (badness 3439) in paragraph at lines 578--579
[]\OT1/ptm/m/n/10 Without au-then-ti-ca-tion, ephemeral Diffie-Hellman and
 []

[9 <../figures/energy_bounds.png>]
Underfull \hbox (badness 10000) in paragraph at lines 637--638
[]\OT1/ptm/b/n/10 Timing mea-sure-ments. \OT1/ptm/m/n/10 All la-ten-cies are th
e
 []


Underfull \hbox (badness 4084) in paragraph at lines 637--638
\OT1/ptm/m/n/10 mean of 100 con-sec-u-tive it-er-a-tions cap-tured via
 []


Underfull \hbox (badness 2293) in paragraph at lines 637--638
\OT1/pcr/m/n/10 esp_timer_get_time() \OT1/ptm/m/n/10 be-fore and af-ter each
 []


Underfull \hbox (badness 1533) in paragraph at lines 669--670
[]\OT1/ptm/m/n/10 We set out to an-swer one prac-ti-cal ques-tion: can a
 []


Underfull \hbox (badness 2790) in paragraph at lines 669--670
\OT1/ptm/m/n/10 production-grade hy-brid post-quantum key ex-change |
 []

[10]
Underfull \hbox (badness 10000) in paragraph at lines 677--678
\OT1/ptm/m/n/10 GitHub at $https : / / github . com / muhammadsohaimmuqtada /
 []


Underfull \hbox (badness 10000) in paragraph at lines 677--678
\OT1/ptm/m/n/10 esp32-[]hybrid-[]pqc-[]key-[]exchange$ un-der re-lease tag
 []


Underfull \vbox (badness 10000) has occurred while \output is active []

 [11]
[12

] (./research_paper.aux)
 ***********
LaTeX2e <2026-06-01>
L3 programming layer <2026-06-18>
 ***********
 ) 
Here is how much of TeX's memory you used:
 4817 strings out of 469082
 75526 string characters out of 5458915
 519912 words of memory out of 5000000
 33745 multiletter control sequences out of 15000+600000
 678409 words of font info for 143 fonts, out of 8000000 for 9000
 59 hyphenation exceptions out of 8191
 57i,14n,65p,2186b,487s stack positions out of 10000i,1000n,20000p,200000b,200000s
</usr/share/texlive/texmf-dist/fonts/type1/public/amsfonts/cm/cmbx8.pfb></usr
/share/texlive/texmf-dist/fonts/type1/public/amsfonts/cm/cmmi10.pfb></usr/share
/texlive/texmf-dist/fonts/type1/public/amsfonts/cm/cmmi6.pfb></usr/share/texliv
e/texmf-dist/fonts/type1/public/amsfonts/cm/cmmi7.pfb></usr/share/texlive/texmf
-dist/fonts/type1/public/amsfonts/cm/cmmi8.pfb></usr/share/texlive/texmf-dist/f
onts/type1/public/amsfonts/cm/cmmi9.pfb></usr/share/texlive/texmf-dist/fonts/ty
pe1/public/amsfonts/cm/cmr10.pfb></usr/share/texlive/texmf-dist/fonts/type1/pub
lic/amsfonts/cm/cmr6.pfb></usr/share/texlive/texmf-dist/fonts/type1/public/amsf
onts/cm/cmr7.pfb></usr/share/texlive/texmf-dist/fonts/type1/public/amsfonts/cm/
cmr8.pfb></usr/share/texlive/texmf-dist/fonts/type1/public/amsfonts/cm/cmr9.pfb
></usr/share/texlive/texmf-dist/fonts/type1/public/amsfonts/cm/cmsy10.pfb></usr
/share/texlive/texmf-dist/fonts/type1/public/amsfonts/cm/cmsy6.pfb></usr/share/
texlive/texmf-dist/fonts/type1/public/amsfonts/cm/cmsy7.pfb></usr/share/texlive
/texmf-dist/fonts/type1/public/amsfonts/cm/cmsy8.pfb></usr/share/texlive/texmf-
dist/fonts/type1/public/amsfonts/cm/cmti10.pfb></usr/share/texlive/texmf-dist/f
onts/type1/public/amsfonts/symbols/msbm10.pfb></usr/share/texlive/texmf-dist/fo
nts/type1/urw/courier/ucrr8a.pfb></usr/share/texlive/texmf-dist/fonts/type1/urw
/times/utmb8a.pfb></usr/share/texlive/texmf-dist/fonts/type1/urw/times/utmbi8a.
pfb></usr/share/texlive/texmf-dist/fonts/type1/urw/times/utmr8a.pfb></usr/share
/texlive/texmf-dist/fonts/type1/urw/times/utmri8a.pfb>
Output written on research_paper.pdf (12 pages, 779461 bytes).
PDF statistics:
 162 PDF objects out of 1000 (max. 8388607)
 96 compressed objects within 1 object stream
 0 named destinations out of 1000 (max. 500000)
 26 words of extra memory for PDF output out of 10000 (max. 10000000)

